interactions:
- request:
    body: null
    headers:
      User-Agent:
      - azsdk-python-storage-blob/12.0.0b4 Python/3.7.3 (Windows-10-10.0.17763-SP0)
      x-ms-date:
      - Wed, 09 Oct 2019 23:13:00 GMT
      x-ms-version:
      - '2019-02-02'
    method: PUT
    uri: https://pyacrstoragec1a51bb8.blob.core.windows.net/containerc1a51bb8?restype=container
  response:
    body:
      string: ''
    headers:
      content-length: '0'
      date: Wed, 09 Oct 2019 23:13:01 GMT
      etag: '"0x8D74D0E3B903E02"'
      last-modified: Wed, 09 Oct 2019 23:13:02 GMT
      server: Windows-Azure-Blob/1.0 Microsoft-HTTPAPI/2.0
      x-ms-version: '2019-02-02'
    status:
      code: 201
      message: Created
    url: !!python/object/new:yarl.URL
      state: !!python/tuple
      - !!python/object/new:urllib.parse.SplitResult
        - https
        - pyacrstoragec1a51bb8.blob.core.windows.net
        - /containerc1a51bb8
        - restype=container
        - ''
- request:
    body: null
    headers:
      User-Agent:
      - azsdk-python-storage-blob/12.0.0b4 Python/3.7.3 (Windows-10-10.0.17763-SP0)
      x-ms-date:
      - Wed, 09 Oct 2019 23:13:01 GMT
      x-ms-lease-action:
      - acquire
      x-ms-lease-duration:
      - '-1'
      x-ms-proposed-lease-id:
      - eafedd5d-8050-473e-83a0-37e43475d60b
      x-ms-version:
      - '2019-02-02'
    method: PUT
    uri: https://pyacrstoragec1a51bb8.blob.core.windows.net/containerc1a51bb8?comp=lease&restype=container
  response:
    body:
      string: ''
    headers:
      content-length: '0'
      date: Wed, 09 Oct 2019 23:13:01 GMT
      etag: '"0x8D74D0E3B903E02"'
      last-modified: Wed, 09 Oct 2019 23:13:02 GMT
      server: Windows-Azure-Blob/1.0 Microsoft-HTTPAPI/2.0
      x-ms-lease-id: eafedd5d-8050-473e-83a0-37e43475d60b
      x-ms-version: '2019-02-02'
    status:
      code: 201
      message: Created
    url: !!python/object/new:yarl.URL
      state: !!python/tuple
      - !!python/object/new:urllib.parse.SplitResult
        - https
        - pyacrstoragec1a51bb8.blob.core.windows.net
        - /containerc1a51bb8
        - comp=lease&restype=container
        - ''
- request:
    body: null
    headers:
      User-Agent:
      - azsdk-python-storage-blob/12.0.0b4 Python/3.7.3 (Windows-10-10.0.17763-SP0)
      x-ms-date:
      - Wed, 09 Oct 2019 23:13:01 GMT
      x-ms-lease-action:
      - release
      x-ms-lease-id:
      - eafedd5d-8050-473e-83a0-37e43475d60b
      x-ms-version:
      - '2019-02-02'
    method: PUT
    uri: https://pyacrstoragec1a51bb8.blob.core.windows.net/containerc1a51bb8?comp=lease&restype=container
  response:
    body:
      string: ''
    headers:
      content-length: '0'
      date: Wed, 09 Oct 2019 23:13:01 GMT
      etag: '"0x8D74D0E3B903E02"'
      last-modified: Wed, 09 Oct 2019 23:13:02 GMT
      server: Windows-Azure-Blob/1.0 Microsoft-HTTPAPI/2.0
      x-ms-version: '2019-02-02'
    status:
      code: 200
      message: OK
    url: !!python/object/new:yarl.URL
      state: !!python/tuple
      - !!python/object/new:urllib.parse.SplitResult
        - https
        - pyacrstoragec1a51bb8.blob.core.windows.net
        - /containerc1a51bb8
        - comp=lease&restype=container
        - ''
- request:
    body: null
    headers:
      User-Agent:
      - azsdk-python-storage-blob/12.0.0b4 Python/3.7.3 (Windows-10-10.0.17763-SP0)
      x-ms-date:
      - Wed, 09 Oct 2019 23:13:01 GMT
      x-ms-lease-action:
      - break
      x-ms-version:
      - '2019-02-02'
    method: PUT
    uri: https://pyacrstoragec1a51bb8.blob.core.windows.net/containerc1a51bb8?comp=lease&restype=container
  response:
    body:
      string: "\uFEFF<?xml version=\"1.0\" encoding=\"utf-8\"?><Error><Code>LeaseNotPresentWithLeaseOperation</Code><Message>There
        is currently no lease on the container.\nRequestId:8132d266-d01e-0070-69f7-7e43b2000000\nTime:2019-10-09T23:13:02.1925700Z</Message></Error>"
    headers:
      content-length: '247'
      content-type: application/xml
      date: Wed, 09 Oct 2019 23:13:01 GMT
      server: Windows-Azure-Blob/1.0 Microsoft-HTTPAPI/2.0
      x-ms-error-code: LeaseNotPresentWithLeaseOperation
      x-ms-version: '2019-02-02'
    status:
      code: 409
      message: There is currently no lease on the container.
    url: !!python/object/new:yarl.URL
      state: !!python/tuple
      - !!python/object/new:urllib.parse.SplitResult
        - https
        - pyacrstoragec1a51bb8.blob.core.windows.net
        - /containerc1a51bb8
        - comp=lease&restype=container
        - ''
version: 1
