interactions:
- request:
    body: null
    headers:
      User-Agent:
      - azsdk-python-storage-blob/12.0.0b4 Python/3.7.3 (Windows-10-10.0.17763-SP0)
      x-ms-date:
      - Wed, 09 Oct 2019 23:50:03 GMT
      x-ms-version:
      - '2019-02-02'
    method: PUT
    uri: https://pyacrstoragea5c6173b.blob.core.windows.net/utcontainera5c6173b?timeout=5&restype=container
  response:
    body:
      string: ''
    headers:
      content-length: '0'
      date: Wed, 09 Oct 2019 23:50:04 GMT
      etag: '"0x8D74D13688105DE"'
      last-modified: Wed, 09 Oct 2019 23:50:04 GMT
      server: Windows-Azure-Blob/1.0 Microsoft-HTTPAPI/2.0
      x-ms-version: '2019-02-02'
    status:
      code: 201
      message: Created
    url: !!python/object/new:yarl.URL
      state: !!python/tuple
      - !!python/object/new:urllib.parse.SplitResult
        - https
        - pyacrstoragea5c6173b.blob.core.windows.net
        - /utcontainera5c6173b
        - timeout=5&restype=container
        - ''
- request:
    body: hello world
    headers:
      Content-Length:
      - '11'
      Content-Type:
      - application/octet-stream
      If-None-Match:
      - '*'
      User-Agent:
      - azsdk-python-storage-blob/12.0.0b4 Python/3.7.3 (Windows-10-10.0.17763-SP0)
      x-ms-blob-type:
      - BlockBlob
      x-ms-date:
      - Wed, 09 Oct 2019 23:50:04 GMT
      x-ms-version:
      - '2019-02-02'
    method: PUT
    uri: https://pyacrstoragea5c6173b.blob.core.windows.net/utcontainera5c6173b/%E5%95%8A%E9%BD%84%E4%B8%82%E7%8B%9B%E7%8B%9C
  response:
    body:
      string: ''
    headers:
      content-length: '0'
      content-md5: XrY7u+Ae7tCTyyK7j1rNww==
      date: Wed, 09 Oct 2019 23:50:04 GMT
      etag: '"0x8D74D13688F2EBD"'
      last-modified: Wed, 09 Oct 2019 23:50:05 GMT
      server: Windows-Azure-Blob/1.0 Microsoft-HTTPAPI/2.0
      x-ms-content-crc64: vo7q9sPVKY0=
      x-ms-request-server-encrypted: 'true'
      x-ms-version: '2019-02-02'
    status:
      code: 201
      message: Created
    url: !!python/object/new:yarl.URL
      state: !!python/tuple
      - !!python/object/new:urllib.parse.SplitResult
        - https
        - pyacrstoragea5c6173b.blob.core.windows.net
        - /utcontainera5c6173b/%E5%95%8A%E9%BD%84%E4%B8%82%E7%8B%9B%E7%8B%9C
        - ''
        - ''
- request:
    body: null
    headers:
      Accept:
      - application/xml
      User-Agent:
      - azsdk-python-storage-blob/12.0.0b4 Python/3.7.3 (Windows-10-10.0.17763-SP0)
      x-ms-date:
      - Wed, 09 Oct 2019 23:50:04 GMT
      x-ms-range:
      - bytes=0-33554431
      x-ms-version:
      - '2019-02-02'
    method: GET
    uri: https://pyacrstoragea5c6173b.blob.core.windows.net/utcontainera5c6173b/%E5%95%8A%E9%BD%84%E4%B8%82%E7%8B%9B%E7%8B%9C
  response:
    body:
      string: hello world
    headers:
      accept-ranges: bytes
      content-length: '11'
      content-range: bytes 0-10/11
      content-type: application/octet-stream
      date: Wed, 09 Oct 2019 23:50:04 GMT
      etag: '"0x8D74D13688F2EBD"'
      last-modified: Wed, 09 Oct 2019 23:50:05 GMT
      server: Windows-Azure-Blob/1.0 Microsoft-HTTPAPI/2.0
      x-ms-blob-content-md5: XrY7u+Ae7tCTyyK7j1rNww==
      x-ms-blob-type: BlockBlob
      x-ms-creation-time: Wed, 09 Oct 2019 23:50:05 GMT
      x-ms-lease-state: available
      x-ms-lease-status: unlocked
      x-ms-server-encrypted: 'true'
      x-ms-version: '2019-02-02'
    status:
      code: 206
      message: Partial Content
    url: !!python/object/new:yarl.URL
      state: !!python/tuple
      - !!python/object/new:urllib.parse.SplitResult
        - https
        - pyacrstoragea5c6173b.blob.core.windows.net
        - /utcontainera5c6173b/%E5%95%8A%E9%BD%84%E4%B8%82%E7%8B%9B%E7%8B%9C
        - ''
        - ''
version: 1
