interactions:
- request:
    body: null
    headers:
      User-Agent:
      - azsdk-python-storage-blob/12.0.0b4 Python/3.7.3 (Windows-10-10.0.17763-SP0)
      x-ms-date:
      - Thu, 10 Oct 2019 20:28:59 GMT
      x-ms-version:
      - '2019-02-02'
    method: PUT
    uri: https://pyacrstorage5c721064.blob.core.windows.net/utcontainer5c721064?restype=container
  response:
    body:
      string: ''
    headers:
      content-length: '0'
      date: Thu, 10 Oct 2019 20:28:59 GMT
      etag: '"0x8D74DC07B9E632D"'
      last-modified: Thu, 10 Oct 2019 20:28:59 GMT
      server: Windows-Azure-Blob/1.0 Microsoft-HTTPAPI/2.0
      x-ms-version: '2019-02-02'
    status:
      code: 201
      message: Created
    url: !!python/object/new:yarl.URL
      state: !!python/tuple
      - !!python/object/new:urllib.parse.SplitResult
        - https
        - pyacrstorage5c721064.blob.core.windows.net
        - /utcontainer5c721064
        - restype=container
        - ''
- request:
    body: null
    headers:
      User-Agent:
      - azsdk-python-storage-blob/12.0.0b4 Python/3.7.3 (Windows-10-10.0.17763-SP0)
      x-ms-date:
      - Thu, 10 Oct 2019 20:29:00 GMT
      x-ms-version:
      - '2019-02-02'
    method: PUT
    uri: https://pyacrstorage5c721064.blob.core.windows.net/utcontainersource5c721064?restype=container
  response:
    body:
      string: ''
    headers:
      content-length: '0'
      date: Thu, 10 Oct 2019 20:28:59 GMT
      etag: '"0x8D74DC07BAA4C38"'
      last-modified: Thu, 10 Oct 2019 20:29:00 GMT
      server: Windows-Azure-Blob/1.0 Microsoft-HTTPAPI/2.0
      x-ms-version: '2019-02-02'
    status:
      code: 201
      message: Created
    url: !!python/object/new:yarl.URL
      state: !!python/tuple
      - !!python/object/new:urllib.parse.SplitResult
        - https
        - pyacrstorage5c721064.blob.core.windows.net
        - /utcontainersource5c721064
        - restype=container
        - ''
- request:
    body: null
    headers:
      Content-Length:
      - '0'
      User-Agent:
      - azsdk-python-storage-blob/12.0.0b4 Python/3.7.3 (Windows-10-10.0.17763-SP0)
      x-ms-blob-content-length:
      - '8796093022208'
      x-ms-blob-type:
      - PageBlob
      x-ms-date:
      - Thu, 10 Oct 2019 20:29:00 GMT
      x-ms-version:
      - '2019-02-02'
    method: PUT
    uri: https://pyacrstorage5c721064.blob.core.windows.net/utcontainer5c721064/blob5c721064
  response:
    body:
      string: ''
    headers:
      content-length: '0'
      date: Thu, 10 Oct 2019 20:28:59 GMT
      etag: '"0x8D74DC07BB38D25"'
      last-modified: Thu, 10 Oct 2019 20:29:00 GMT
      server: Windows-Azure-Blob/1.0 Microsoft-HTTPAPI/2.0
      x-ms-request-server-encrypted: 'true'
      x-ms-version: '2019-02-02'
    status:
      code: 201
      message: Created
    url: !!python/object/new:yarl.URL
      state: !!python/tuple
      - !!python/object/new:urllib.parse.SplitResult
        - https
        - pyacrstorage5c721064.blob.core.windows.net
        - /utcontainer5c721064/blob5c721064
        - ''
        - ''
- request:
    body: null
    headers:
      User-Agent:
      - azsdk-python-storage-blob/12.0.0b4 Python/3.7.3 (Windows-10-10.0.17763-SP0)
      x-ms-date:
      - Thu, 10 Oct 2019 20:29:00 GMT
      x-ms-version:
      - '2019-02-02'
    method: HEAD
    uri: https://pyacrstorage5c721064.blob.core.windows.net/utcontainer5c721064/blob5c721064
  response:
    body:
      string: ''
    headers:
      accept-ranges: bytes
      content-length: '8796093022208'
      content-type: application/octet-stream
      date: Thu, 10 Oct 2019 20:28:59 GMT
      etag: '"0x8D74DC07BB38D25"'
      last-modified: Thu, 10 Oct 2019 20:29:00 GMT
      server: Windows-Azure-Blob/1.0 Microsoft-HTTPAPI/2.0
      x-ms-blob-sequence-number: '0'
      x-ms-blob-type: PageBlob
      x-ms-creation-time: Thu, 10 Oct 2019 20:29:00 GMT
      x-ms-lease-state: available
      x-ms-lease-status: unlocked
      x-ms-server-encrypted: 'true'
      x-ms-version: '2019-02-02'
    status:
      code: 200
      message: OK
    url: !!python/object/new:yarl.URL
      state: !!python/tuple
      - !!python/object/new:urllib.parse.SplitResult
        - https
        - pyacrstorage5c721064.blob.core.windows.net
        - /utcontainer5c721064/blob5c721064
        - ''
        - ''
- request:
    body: null
    headers:
      Accept:
      - application/xml
      User-Agent:
      - azsdk-python-storage-blob/12.0.0b4 Python/3.7.3 (Windows-10-10.0.17763-SP0)
      x-ms-date:
      - Thu, 10 Oct 2019 20:29:00 GMT
      x-ms-version:
      - '2019-02-02'
    method: GET
    uri: https://pyacrstorage5c721064.blob.core.windows.net/utcontainer5c721064/blob5c721064?comp=pagelist
  response:
    body:
      string: "\uFEFF<?xml version=\"1.0\" encoding=\"utf-8\"?><PageList />"
    headers:
      content-type: application/xml
      date: Thu, 10 Oct 2019 20:28:59 GMT
      etag: '"0x8D74DC07BB38D25"'
      last-modified: Thu, 10 Oct 2019 20:29:00 GMT
      server: Windows-Azure-Blob/1.0 Microsoft-HTTPAPI/2.0
      transfer-encoding: chunked
      x-ms-blob-content-length: '8796093022208'
      x-ms-version: '2019-02-02'
    status:
      code: 200
      message: OK
    url: !!python/object/new:yarl.URL
      state: !!python/tuple
      - !!python/object/new:urllib.parse.SplitResult
        - https
        - pyacrstorage5c721064.blob.core.windows.net
        - /utcontainer5c721064/blob5c721064
        - comp=pagelist
        - ''
version: 1
