interactions:
- request:
    body: null
    headers:
      User-Agent:
      - azsdk-python-storage-blob/12.0.0b4 Python/3.7.3 (Windows-10-10.0.17763-SP0)
      x-ms-date:
      - Tue, 08 Oct 2019 22:23:08 GMT
      x-ms-version:
      - '2019-02-02'
    method: PUT
    uri: https://pyacrstorageed50e88.blob.core.windows.net/utcontainered50e88?restype=container
  response:
    body:
      string: ''
    headers:
      content-length: '0'
      date: Tue, 08 Oct 2019 22:23:09 GMT
      etag: '"0x8D74C3E19ABDA47"'
      last-modified: Tue, 08 Oct 2019 22:23:09 GMT
      server: Windows-Azure-Blob/1.0 Microsoft-HTTPAPI/2.0
      x-ms-version: '2019-02-02'
    status:
      code: 201
      message: Created
    url: !!python/object/new:yarl.URL
      state: !!python/tuple
      - !!python/object/new:urllib.parse.SplitResult
        - https
        - pyacrstorageed50e88.blob.core.windows.net
        - /utcontainered50e88
        - restype=container
        - ''
- request:
    body: null
    headers:
      Content-Length:
      - '0'
      User-Agent:
      - azsdk-python-storage-blob/12.0.0b4 Python/3.7.3 (Windows-10-10.0.17763-SP0)
      x-ms-blob-content-length:
      - '512'
      x-ms-blob-type:
      - PageBlob
      x-ms-date:
      - Tue, 08 Oct 2019 22:23:09 GMT
      x-ms-version:
      - '2019-02-02'
    method: PUT
    uri: https://pyacrstorageed50e88.blob.core.windows.net/utcontainered50e88/blobed50e88
  response:
    body:
      string: ''
    headers:
      content-length: '0'
      date: Tue, 08 Oct 2019 22:23:09 GMT
      etag: '"0x8D74C3E19B35876"'
      last-modified: Tue, 08 Oct 2019 22:23:09 GMT
      server: Windows-Azure-Blob/1.0 Microsoft-HTTPAPI/2.0
      x-ms-request-server-encrypted: 'true'
      x-ms-version: '2019-02-02'
    status:
      code: 201
      message: Created
    url: !!python/object/new:yarl.URL
      state: !!python/tuple
      - !!python/object/new:urllib.parse.SplitResult
        - https
        - pyacrstorageed50e88.blob.core.windows.net
        - /utcontainered50e88/blobed50e88
        - ''
        - ''
- request:
    body: null
    headers:
      Content-Length:
      - '0'
      User-Agent:
      - azsdk-python-storage-blob/12.0.0b4 Python/3.7.3 (Windows-10-10.0.17763-SP0)
      x-ms-date:
      - Tue, 08 Oct 2019 22:23:09 GMT
      x-ms-page-write:
      - clear
      x-ms-range:
      - bytes=0-511
      x-ms-version:
      - '2019-02-02'
    method: PUT
    uri: https://pyacrstorageed50e88.blob.core.windows.net/utcontainered50e88/blobed50e88?comp=page
  response:
    body:
      string: ''
    headers:
      content-length: '0'
      date: Tue, 08 Oct 2019 22:23:09 GMT
      etag: '"0x8D74C3E19B86260"'
      last-modified: Tue, 08 Oct 2019 22:23:09 GMT
      server: Windows-Azure-Blob/1.0 Microsoft-HTTPAPI/2.0
      x-ms-blob-sequence-number: '0'
      x-ms-version: '2019-02-02'
    status:
      code: 201
      message: Created
    url: !!python/object/new:yarl.URL
      state: !!python/tuple
      - !!python/object/new:urllib.parse.SplitResult
        - https
        - pyacrstorageed50e88.blob.core.windows.net
        - /utcontainered50e88/blobed50e88
        - comp=page
        - ''
version: 1
