interactions:
- request:
    body: null
    headers:
      Accept:
      - '*/*'
      Accept-Encoding:
      - gzip, deflate
      Connection:
      - keep-alive
      Content-Length:
      - '0'
      User-Agent:
      - azsdk-python-storage-blob/12.0.0b4 Python/3.7.3 (Windows-10-10.0.18362-SP0)
      x-ms-date:
      - Wed, 09 Oct 2019 00:34:17 GMT
      x-ms-version:
      - '2019-02-02'
    method: PUT
    uri: https://pyacrstorageba52179c.blob.core.windows.net/utcontainerba52179c?restype=container
  response:
    body:
      string: ''
    headers:
      content-length:
      - '0'
      date:
      - Wed, 09 Oct 2019 00:34:18 GMT
      etag:
      - '"0x8D74C506BCAA30A"'
      last-modified:
      - Wed, 09 Oct 2019 00:34:18 GMT
      server:
      - Windows-Azure-Blob/1.0 Microsoft-HTTPAPI/2.0
      x-ms-version:
      - '2019-02-02'
    status:
      code: 201
      message: Created
- request:
    body: hello world
    headers:
      Accept:
      - '*/*'
      Accept-Encoding:
      - gzip, deflate
      Connection:
      - keep-alive
      Content-Length:
      - '11'
      Content-Type:
      - application/octet-stream
      If-None-Match:
      - '*'
      User-Agent:
      - azsdk-python-storage-blob/12.0.0b4 Python/3.7.3 (Windows-10-10.0.18362-SP0)
      x-ms-blob-type:
      - BlockBlob
      x-ms-date:
      - Wed, 09 Oct 2019 00:34:18 GMT
      x-ms-version:
      - '2019-02-02'
    method: PUT
    uri: https://pyacrstorageba52179c.blob.core.windows.net/utcontainerba52179c/blob1
  response:
    body:
      string: ''
    headers:
      content-length:
      - '0'
      content-md5:
      - XrY7u+Ae7tCTyyK7j1rNww==
      date:
      - Wed, 09 Oct 2019 00:34:18 GMT
      etag:
      - '"0x8D74C506BD7F0F4"'
      last-modified:
      - Wed, 09 Oct 2019 00:34:18 GMT
      server:
      - Windows-Azure-Blob/1.0 Microsoft-HTTPAPI/2.0
      x-ms-content-crc64:
      - vo7q9sPVKY0=
      x-ms-request-server-encrypted:
      - 'true'
      x-ms-version:
      - '2019-02-02'
    status:
      code: 201
      message: Created
- request:
    body: null
    headers:
      Accept:
      - '*/*'
      Accept-Encoding:
      - gzip, deflate
      Connection:
      - keep-alive
      User-Agent:
      - azsdk-python-storage-blob/12.0.0b4 Python/3.7.3 (Windows-10-10.0.18362-SP0)
      x-ms-date:
      - Wed, 09 Oct 2019 00:34:18 GMT
      x-ms-version:
      - '2019-02-02'
    method: HEAD
    uri: https://pyacrstorageba52179c.blob.core.windows.net/utcontainerba52179c/blob1
  response:
    body:
      string: ''
    headers:
      accept-ranges:
      - bytes
      content-length:
      - '11'
      content-md5:
      - XrY7u+Ae7tCTyyK7j1rNww==
      content-type:
      - application/octet-stream
      date:
      - Wed, 09 Oct 2019 00:34:18 GMT
      etag:
      - '"0x8D74C506BD7F0F4"'
      last-modified:
      - Wed, 09 Oct 2019 00:34:18 GMT
      server:
      - Windows-Azure-Blob/1.0 Microsoft-HTTPAPI/2.0
      x-ms-blob-type:
      - BlockBlob
      x-ms-creation-time:
      - Wed, 09 Oct 2019 00:34:18 GMT
      x-ms-lease-state:
      - available
      x-ms-lease-status:
      - unlocked
      x-ms-server-encrypted:
      - 'true'
      x-ms-version:
      - '2019-02-02'
    status:
      code: 200
      message: OK
- request:
    body: null
    headers:
      Accept:
      - '*/*'
      Accept-Encoding:
      - gzip, deflate
      Connection:
      - keep-alive
      Content-Length:
      - '0'
      If-Match:
      - '"0x8D74C506BD7F0F4"'
      User-Agent:
      - azsdk-python-storage-blob/12.0.0b4 Python/3.7.3 (Windows-10-10.0.18362-SP0)
      x-ms-date:
      - Wed, 09 Oct 2019 00:34:18 GMT
      x-ms-version:
      - '2019-02-02'
    method: DELETE
    uri: https://pyacrstorageba52179c.blob.core.windows.net/utcontainerba52179c/blob1
  response:
    body:
      string: ''
    headers:
      content-length:
      - '0'
      date:
      - Wed, 09 Oct 2019 00:34:18 GMT
      server:
      - Windows-Azure-Blob/1.0 Microsoft-HTTPAPI/2.0
      x-ms-delete-type-permanent:
      - 'true'
      x-ms-version:
      - '2019-02-02'
    status:
      code: 202
      message: Accepted
version: 1
