interactions:
- request:
    body: null
    headers:
      Accept:
      - '*/*'
      Accept-Encoding:
      - gzip, deflate
      Connection:
      - keep-alive
      Content-Length:
      - '0'
      User-Agent:
      - azsdk-python-storage-blob/12.0.0b4 Python/3.7.3 (Windows-10-10.0.17763-SP0)
      x-ms-date:
      - Wed, 09 Oct 2019 21:26:08 GMT
      x-ms-version:
      - '2019-02-02'
    method: PUT
    uri: https://pyacrstorage4ef015fd.blob.core.windows.net/container4ef015fd?restype=container
  response:
    body:
      string: ''
    headers:
      content-length:
      - '0'
      date:
      - Wed, 09 Oct 2019 21:26:11 GMT
      etag:
      - '"0x8D74CFF4EBE0D70"'
      last-modified:
      - Wed, 09 Oct 2019 21:26:11 GMT
      server:
      - Windows-Azure-Blob/1.0 Microsoft-HTTPAPI/2.0
      x-ms-version:
      - '2019-02-02'
    status:
      code: 201
      message: Created
- request:
    body: hello world
    headers:
      Accept:
      - '*/*'
      Accept-Encoding:
      - gzip, deflate
      Connection:
      - keep-alive
      Content-Length:
      - '11'
      Content-Type:
      - application/octet-stream
      If-None-Match:
      - '*'
      User-Agent:
      - azsdk-python-storage-blob/12.0.0b4 Python/3.7.3 (Windows-10-10.0.17763-SP0)
      x-ms-blob-type:
      - BlockBlob
      x-ms-date:
      - Wed, 09 Oct 2019 21:26:11 GMT
      x-ms-version:
      - '2019-02-02'
    method: PUT
    uri: https://pyacrstorage4ef015fd.blob.core.windows.net/container4ef015fd/blob1
  response:
    body:
      string: ''
    headers:
      content-length:
      - '0'
      content-md5:
      - XrY7u+Ae7tCTyyK7j1rNww==
      date:
      - Wed, 09 Oct 2019 21:26:11 GMT
      etag:
      - '"0x8D74CFF4ECAD9E7"'
      last-modified:
      - Wed, 09 Oct 2019 21:26:11 GMT
      server:
      - Windows-Azure-Blob/1.0 Microsoft-HTTPAPI/2.0
      x-ms-content-crc64:
      - vo7q9sPVKY0=
      x-ms-request-server-encrypted:
      - 'true'
      x-ms-version:
      - '2019-02-02'
    status:
      code: 201
      message: Created
- request:
    body: null
    headers:
      Accept:
      - '*/*'
      Accept-Encoding:
      - gzip, deflate
      Connection:
      - keep-alive
      Content-Length:
      - '0'
      User-Agent:
      - azsdk-python-storage-blob/12.0.0b4 Python/3.7.3 (Windows-10-10.0.17763-SP0)
      x-ms-date:
      - Wed, 09 Oct 2019 21:26:11 GMT
      x-ms-version:
      - '2019-02-02'
    method: PUT
    uri: https://pyacrstorage4ef015fd.blob.core.windows.net/container4ef015fd/blob1?comp=snapshot
  response:
    body:
      string: ''
    headers:
      content-length:
      - '0'
      date:
      - Wed, 09 Oct 2019 21:26:11 GMT
      etag:
      - '"0x8D74CFF4ECAD9E7"'
      last-modified:
      - Wed, 09 Oct 2019 21:26:11 GMT
      server:
      - Windows-Azure-Blob/1.0 Microsoft-HTTPAPI/2.0
      x-ms-request-server-encrypted:
      - 'false'
      x-ms-snapshot:
      - '2019-10-09T21:26:11.9603684Z'
      x-ms-version:
      - '2019-02-02'
    status:
      code: 201
      message: Created
- request:
    body: hello world
    headers:
      Accept:
      - '*/*'
      Accept-Encoding:
      - gzip, deflate
      Connection:
      - keep-alive
      Content-Length:
      - '11'
      Content-Type:
      - application/octet-stream
      If-None-Match:
      - '*'
      User-Agent:
      - azsdk-python-storage-blob/12.0.0b4 Python/3.7.3 (Windows-10-10.0.17763-SP0)
      x-ms-blob-type:
      - BlockBlob
      x-ms-date:
      - Wed, 09 Oct 2019 21:26:11 GMT
      x-ms-version:
      - '2019-02-02'
    method: PUT
    uri: https://pyacrstorage4ef015fd.blob.core.windows.net/container4ef015fd/blob2
  response:
    body:
      string: ''
    headers:
      content-length:
      - '0'
      content-md5:
      - XrY7u+Ae7tCTyyK7j1rNww==
      date:
      - Wed, 09 Oct 2019 21:26:11 GMT
      etag:
      - '"0x8D74CFF4EECE72B"'
      last-modified:
      - Wed, 09 Oct 2019 21:26:12 GMT
      server:
      - Windows-Azure-Blob/1.0 Microsoft-HTTPAPI/2.0
      x-ms-content-crc64:
      - vo7q9sPVKY0=
      x-ms-request-server-encrypted:
      - 'true'
      x-ms-version:
      - '2019-02-02'
    status:
      code: 201
      message: Created
- request:
    body: null
    headers:
      Accept:
      - application/xml
      Accept-Encoding:
      - gzip, deflate
      Connection:
      - keep-alive
      User-Agent:
      - azsdk-python-storage-blob/12.0.0b4 Python/3.7.3 (Windows-10-10.0.17763-SP0)
      x-ms-date:
      - Wed, 09 Oct 2019 21:26:11 GMT
      x-ms-version:
      - '2019-02-02'
    method: GET
    uri: https://pyacrstorage4ef015fd.blob.core.windows.net/container4ef015fd?include=snapshots&restype=container&comp=list
  response:
    body:
      string: "\uFEFF<?xml version=\"1.0\" encoding=\"utf-8\"?><EnumerationResults
        ServiceEndpoint=\"https://pyacrstorage4ef015fd.blob.core.windows.net/\" ContainerName=\"container4ef015fd\"><Blobs><Blob><Name>blob1</Name><Snapshot>2019-10-09T21:26:11.9603684Z</Snapshot><Properties><Creation-Time>Wed,
        09 Oct 2019 21:26:11 GMT</Creation-Time><Last-Modified>Wed, 09 Oct 2019 21:26:11
        GMT</Last-Modified><Etag>0x8D74CFF4ECAD9E7</Etag><Content-Length>11</Content-Length><Content-Type>application/octet-stream</Content-Type><Content-Encoding
        /><Content-Language /><Content-CRC64>vo7q9sPVKY0=</Content-CRC64><Content-MD5>XrY7u+Ae7tCTyyK7j1rNww==</Content-MD5><Cache-Control
        /><Content-Disposition /><BlobType>BlockBlob</BlobType><ServerEncrypted>true</ServerEncrypted><TagCount>0</TagCount></Properties></Blob><Blob><Name>blob1</Name><Properties><Creation-Time>Wed,
        09 Oct 2019 21:26:11 GMT</Creation-Time><Last-Modified>Wed, 09 Oct 2019 21:26:11
        GMT</Last-Modified><Etag>0x8D74CFF4ECAD9E7</Etag><Content-Length>11</Content-Length><Content-Type>application/octet-stream</Content-Type><Content-Encoding
        /><Content-Language /><Content-CRC64>vo7q9sPVKY0=</Content-CRC64><Content-MD5>XrY7u+Ae7tCTyyK7j1rNww==</Content-MD5><Cache-Control
        /><Content-Disposition /><BlobType>BlockBlob</BlobType><LeaseStatus>unlocked</LeaseStatus><LeaseState>available</LeaseState><ServerEncrypted>true</ServerEncrypted><TagCount>0</TagCount></Properties></Blob><Blob><Name>blob2</Name><Properties><Creation-Time>Wed,
        09 Oct 2019 21:26:12 GMT</Creation-Time><Last-Modified>Wed, 09 Oct 2019 21:26:12
        GMT</Last-Modified><Etag>0x8D74CFF4EECE72B</Etag><Content-Length>11</Content-Length><Content-Type>application/octet-stream</Content-Type><Content-Encoding
        /><Content-Language /><Content-CRC64>vo7q9sPVKY0=</Content-CRC64><Content-MD5>XrY7u+Ae7tCTyyK7j1rNww==</Content-MD5><Cache-Control
        /><Content-Disposition /><BlobType>BlockBlob</BlobType><LeaseStatus>unlocked</LeaseStatus><LeaseState>available</LeaseState><ServerEncrypted>true</ServerEncrypted><TagCount>0</TagCount></Properties></Blob></Blobs><NextMarker
        /></EnumerationResults>"
    headers:
      content-type:
      - application/xml
      date:
      - Wed, 09 Oct 2019 21:26:11 GMT
      server:
      - Windows-Azure-Blob/1.0 Microsoft-HTTPAPI/2.0
      transfer-encoding:
      - chunked
      x-ms-version:
      - '2019-02-02'
    status:
      code: 200
      message: OK
version: 1
