interactions:
- request:
    body: null
    headers:
      User-Agent:
      - azsdk-python-storage-blob/12.0.0b4 Python/3.7.3 (Windows-10-10.0.18362-SP0)
      x-ms-date:
      - Wed, 09 Oct 2019 23:43:14 GMT
      x-ms-version:
      - '2019-02-02'
    method: PUT
    uri: https://pyacrstoragea7721236.blob.core.windows.net/utcontainera7721236?restype=container
  response:
    body:
      string: ''
    headers:
      content-length: '0'
      date: Wed, 09 Oct 2019 23:43:14 GMT
      etag: '"0x8D74D1274AD7470"'
      last-modified: Wed, 09 Oct 2019 23:43:15 GMT
      server: Windows-Azure-Blob/1.0 Microsoft-HTTPAPI/2.0
      x-ms-version: '2019-02-02'
    status:
      code: 201
      message: Created
    url: !!python/object/new:yarl.URL
      state: !!python/tuple
      - !!python/object/new:urllib.parse.SplitResult
        - https
        - pyacrstoragea7721236.blob.core.windows.net
        - /utcontainera7721236
        - restype=container
        - ''
- request:
    body: null
    headers:
      Content-Length:
      - '0'
      Content-Type:
      - application/octet-stream
      If-None-Match:
      - '*'
      User-Agent:
      - azsdk-python-storage-blob/12.0.0b4 Python/3.7.3 (Windows-10-10.0.18362-SP0)
      x-ms-blob-type:
      - BlockBlob
      x-ms-date:
      - Wed, 09 Oct 2019 23:43:15 GMT
      x-ms-version:
      - '2019-02-02'
    method: PUT
    uri: https://pyacrstoragea7721236.blob.core.windows.net/utcontainera7721236/bloba7721236
  response:
    body:
      string: ''
    headers:
      content-length: '0'
      content-md5: 1B2M2Y8AsgTpgAmY7PhCfg==
      date: Wed, 09 Oct 2019 23:43:14 GMT
      etag: '"0x8D74D1274B47532"'
      last-modified: Wed, 09 Oct 2019 23:43:15 GMT
      server: Windows-Azure-Blob/1.0 Microsoft-HTTPAPI/2.0
      x-ms-content-crc64: AAAAAAAAAAA=
      x-ms-request-server-encrypted: 'true'
      x-ms-version: '2019-02-02'
    status:
      code: 201
      message: Created
    url: !!python/object/new:yarl.URL
      state: !!python/tuple
      - !!python/object/new:urllib.parse.SplitResult
        - https
        - pyacrstoragea7721236.blob.core.windows.net
        - /utcontainera7721236/bloba7721236
        - ''
        - ''
- request:
    body: block
    headers:
      Content-Length:
      - '5'
      Content-MD5:
      - FFEfL1VkZQ0SnKfKvDMyeA==
      Content-Type:
      - application/octet-stream
      User-Agent:
      - azsdk-python-storage-blob/12.0.0b4 Python/3.7.3 (Windows-10-10.0.18362-SP0)
      x-ms-date:
      - Wed, 09 Oct 2019 23:43:15 GMT
      x-ms-version:
      - '2019-02-02'
    method: PUT
    uri: https://pyacrstoragea7721236.blob.core.windows.net/utcontainera7721236/bloba7721236?blockid=MQ%3D%3D&comp=block
  response:
    body:
      string: ''
    headers:
      content-length: '0'
      content-md5: FFEfL1VkZQ0SnKfKvDMyeA==
      date: Wed, 09 Oct 2019 23:43:14 GMT
      server: Windows-Azure-Blob/1.0 Microsoft-HTTPAPI/2.0
      x-ms-request-server-encrypted: 'true'
      x-ms-version: '2019-02-02'
    status:
      code: 201
      message: Created
    url: !!python/object/new:yarl.URL
      state: !!python/tuple
      - !!python/object/new:urllib.parse.SplitResult
        - https
        - pyacrstoragea7721236.blob.core.windows.net
        - /utcontainera7721236/bloba7721236
        - blockid=MQ%3D%3D&comp=block
        - ''
version: 1
