interactions:
- request:
    body: null
    headers:
      User-Agent:
      - azsdk-python-storage-blob/12.0.0b4 Python/3.7.3 (Windows-10-10.0.17763-SP0)
      x-ms-date:
      - Thu, 10 Oct 2019 20:28:53 GMT
      x-ms-version:
      - '2019-02-02'
    method: PUT
    uri: https://pyacrstorage1dff0ef7.blob.core.windows.net/utcontainer1dff0ef7?restype=container
  response:
    body:
      string: ''
    headers:
      content-length: '0'
      date: Thu, 10 Oct 2019 20:28:54 GMT
      etag: '"0x8D74DC078B49629"'
      last-modified: Thu, 10 Oct 2019 20:28:55 GMT
      server: Windows-Azure-Blob/1.0 Microsoft-HTTPAPI/2.0
      x-ms-version: '2019-02-02'
    status:
      code: 201
      message: Created
    url: !!python/object/new:yarl.URL
      state: !!python/tuple
      - !!python/object/new:urllib.parse.SplitResult
        - https
        - pyacrstorage1dff0ef7.blob.core.windows.net
        - /utcontainer1dff0ef7
        - restype=container
        - ''
- request:
    body: null
    headers:
      User-Agent:
      - azsdk-python-storage-blob/12.0.0b4 Python/3.7.3 (Windows-10-10.0.17763-SP0)
      x-ms-date:
      - Thu, 10 Oct 2019 20:28:55 GMT
      x-ms-version:
      - '2019-02-02'
    method: PUT
    uri: https://pyacrstorage1dff0ef7.blob.core.windows.net/utcontainersource1dff0ef7?restype=container
  response:
    body:
      string: ''
    headers:
      content-length: '0'
      date: Thu, 10 Oct 2019 20:28:54 GMT
      etag: '"0x8D74DC078C49FA4"'
      last-modified: Thu, 10 Oct 2019 20:28:55 GMT
      server: Windows-Azure-Blob/1.0 Microsoft-HTTPAPI/2.0
      x-ms-version: '2019-02-02'
    status:
      code: 201
      message: Created
    url: !!python/object/new:yarl.URL
      state: !!python/tuple
      - !!python/object/new:urllib.parse.SplitResult
        - https
        - pyacrstorage1dff0ef7.blob.core.windows.net
        - /utcontainersource1dff0ef7
        - restype=container
        - ''
- request:
    body: null
    headers:
      Content-Length:
      - '0'
      User-Agent:
      - azsdk-python-storage-blob/12.0.0b4 Python/3.7.3 (Windows-10-10.0.17763-SP0)
      x-ms-blob-content-length:
      - '1024'
      x-ms-blob-type:
      - PageBlob
      x-ms-date:
      - Thu, 10 Oct 2019 20:28:55 GMT
      x-ms-version:
      - '2019-02-02'
    method: PUT
    uri: https://pyacrstorage1dff0ef7.blob.core.windows.net/utcontainer1dff0ef7/blob1dff0ef7
  response:
    body:
      string: ''
    headers:
      content-length: '0'
      date: Thu, 10 Oct 2019 20:28:54 GMT
      etag: '"0x8D74DC078CC8C23"'
      last-modified: Thu, 10 Oct 2019 20:28:55 GMT
      server: Windows-Azure-Blob/1.0 Microsoft-HTTPAPI/2.0
      x-ms-request-server-encrypted: 'true'
      x-ms-version: '2019-02-02'
    status:
      code: 201
      message: Created
    url: !!python/object/new:yarl.URL
      state: !!python/tuple
      - !!python/object/new:urllib.parse.SplitResult
        - https
        - pyacrstorage1dff0ef7.blob.core.windows.net
        - /utcontainer1dff0ef7/blob1dff0ef7
        - ''
        - ''
- request:
    body: null
    headers:
      User-Agent:
      - azsdk-python-storage-blob/12.0.0b4 Python/3.7.3 (Windows-10-10.0.17763-SP0)
      x-ms-date:
      - Thu, 10 Oct 2019 20:28:55 GMT
      x-ms-version:
      - '2019-02-02'
    method: HEAD
    uri: https://pyacrstorage1dff0ef7.blob.core.windows.net/utcontainer1dff0ef7/blob1dff0ef7
  response:
    body:
      string: ''
    headers:
      accept-ranges: bytes
      content-length: '1024'
      content-type: application/octet-stream
      date: Thu, 10 Oct 2019 20:28:54 GMT
      etag: '"0x8D74DC078CC8C23"'
      last-modified: Thu, 10 Oct 2019 20:28:55 GMT
      server: Windows-Azure-Blob/1.0 Microsoft-HTTPAPI/2.0
      x-ms-blob-sequence-number: '0'
      x-ms-blob-type: PageBlob
      x-ms-creation-time: Thu, 10 Oct 2019 20:28:55 GMT
      x-ms-lease-state: available
      x-ms-lease-status: unlocked
      x-ms-server-encrypted: 'true'
      x-ms-version: '2019-02-02'
    status:
      code: 200
      message: OK
    url: !!python/object/new:yarl.URL
      state: !!python/tuple
      - !!python/object/new:urllib.parse.SplitResult
        - https
        - pyacrstorage1dff0ef7.blob.core.windows.net
        - /utcontainer1dff0ef7/blob1dff0ef7
        - ''
        - ''
version: 1
